
Memory Configuration

Name             Origin             Length             Attributes
*default*        0x0000000000000000 0xffffffffffffffff

Linker script and memory map

LOAD ./obj/alarm_main.o
LOAD ./obj/alarm_message_loop.o
LOAD ./../../../psp_rel/include/link_base.xn
                0x000000009fc00000                RDATA_ADDR_BASE = 0x9fc00000
                0x00000000bfc00000                RCODE_ADDR_BASE = 0xbfc00000
                0x0000000000000014                PAGE_ATTR_BIT_OFFSET = 0x14
                0x0000000000000040                WELCOME_PAGE = 0x40
                0x0000000000000130                DRV_GENERAL_PAGE = 0x130
                0x0000000000000140                AL_AUDIO_CHANNEL_PAGE = 0x140
                0x0000000000000150                DRV_APCOMMON_PAGE = 0x150
                0x0000000000000200                AP_MANAGER_PAGE = 0x200
                0x0000000000000200                AP_BT_ENGINE_PAGE = 0x200
                0x0000000000000220                AP_CONFIG_PAGE = 0x220
                0x0000000000000221                AP_MUSIC_PAGE = 0x221
                0x0000000000000222                AP_BT_FRONT_PAGE = 0x222
                0x0000000000000223                AP_RECORD_PAGE = 0x223
                0x0000000000000224                AP_UDEVICE_PAGE = 0x224
                0x0000000000000225                AP_USOUND_PAGE = 0x225
                0x0000000000000226                AP_FM_PAGE = 0x226
                0x0000000000000227                AP_TOOLS_PAGE = 0x227
                0x0000000000000228                AP_UPGRADE_PAGE = 0x228
                0x0000000000000229                AP_BT_HFP_PAGE = 0x229
                0x000000000000022a                AP_LINEIN_PAGE = 0x22a
                0x000000000000022b                AP_RESERVD_FRONT_PAGE = 0x22b
                0x0000000000000230                AP_MUSIC_ENGINE_PAGE = 0x230
                0x0000000000000231                AP_FM_ENGINE_PAGE = 0x231
                0x0000000000000232                AP_LINEIN_ENGINE_PAGE = 0x232
                0x0000000000000233                AP_BTPLAY_ENGINE_PAGE = 0x233
                0x0000000000000234                AP_BTCALL_ENGINE_PAGE = 0x234
                0x0000000000000235                AP_USOUND_ENGINE_PAGE = 0x235
                0x0000000000000236                AP_RESERVD_ENGINE_PAGE = 0x236
                0x0000000000000300                MMM_MUSCIPLAY_PAGE = 0x300
                0x0000000000000300                MMM_RECORD_PAGE = 0x300
                0x0000000000000300                MMM_HFP_PAGE = 0x300
                0x0000000004000000                WELCOME_VA_START = (WELCOME_PAGE << PAGE_ATTR_BIT_OFFSET)
                0x0000000010000214                HAL_ENTRY_VA_START = 0x10000214
                0x0000000010008200                DRV_HAL_VA_START = 0x10008200
                0x0000000015000000                DRV_APCOMMON_VA_START = (DRV_APCOMMON_PAGE << PAGE_ATTR_BIT_OFFSET)
                0x0000000013000000                DRV_KEY_VA_START = (DRV_GENERAL_PAGE << PAGE_ATTR_BIT_OFFSET)
                0x0000000013000000                DRV_KEY_ENTRY_START = DRV_KEY_VA_START
                0x0000000000000040                DRV_LED_ENTRY_OFFSET = 0x40
                0x0000000000000080                DRV_FM_ENTRY_OFFSET = 0x80
                0x00000000000000a8                DRV_FM_TX_ENTRY_OFFSET = 0xa8
                0x00000000000000c0                DRV_LCD_ENTRY_OFFSET = 0xc0
                0x0000000000000110                DRV_RTC_ENTRY_OFFSET = 0x110
                0x0000000000000150                DRV_HDMI_ENTRY_OFFSET = 0x150
                0x0000000000000180                DRV_END_ENTRY_OFFSET = 0x180
                0x0000000020000000                AP_MANAGER_VA_START = (AP_MANAGER_PAGE << PAGE_ATTR_BIT_OFFSET)
                0x0000000020000900                AP_BT_ENGINE_VA_START = ((AP_BT_ENGINE_PAGE << PAGE_ATTR_BIT_OFFSET) + 0x900)
                0x0000000022000000                AP_CONFIG_VA_START = (AP_CONFIG_PAGE << PAGE_ATTR_BIT_OFFSET)
                0x0000000022100000                AP_MUSIC_VA_START = (AP_MUSIC_PAGE << PAGE_ATTR_BIT_OFFSET)
                0x0000000022200000                AP_BT_FRONT_VA_START = (AP_BT_FRONT_PAGE << PAGE_ATTR_BIT_OFFSET)
                0x0000000022300000                AP_RECORD_VA_START = (AP_RECORD_PAGE << PAGE_ATTR_BIT_OFFSET)
                0x0000000022400000                AP_UDEVICE_VA_START = (AP_UDEVICE_PAGE << PAGE_ATTR_BIT_OFFSET)
                0x0000000022500000                AP_USOUND_VA_START = (AP_USOUND_PAGE << PAGE_ATTR_BIT_OFFSET)
                0x0000000022600000                AP_FM_VA_START = (AP_FM_PAGE << PAGE_ATTR_BIT_OFFSET)
                0x0000000022700000                AP_TOOLS_VA_START = (AP_TOOLS_PAGE << PAGE_ATTR_BIT_OFFSET)
                0x0000000022800000                AP_UPGRADE_VA_START = (AP_UPGRADE_PAGE << PAGE_ATTR_BIT_OFFSET)
                0x0000000022900000                AP_BT_HFP_VA_START = (AP_BT_HFP_PAGE << PAGE_ATTR_BIT_OFFSET)
                0x0000000022a00000                AP_LINEIN_VA_START = (AP_LINEIN_PAGE << PAGE_ATTR_BIT_OFFSET)
                0x0000000022b00000                AP_RESERVD_FRONT_VA_START = (AP_RESERVD_FRONT_PAGE << PAGE_ATTR_BIT_OFFSET)
                0x0000000023000000                AP_MUSIC_ENGINE_VA_START = (AP_MUSIC_ENGINE_PAGE << PAGE_ATTR_BIT_OFFSET)
                0x0000000023100000                AP_FM_ENGINE_VA_START = (AP_FM_ENGINE_PAGE << PAGE_ATTR_BIT_OFFSET)
                0x0000000023200000                AP_LINEIN_ENGINE_VA_START = (AP_LINEIN_ENGINE_PAGE << PAGE_ATTR_BIT_OFFSET)
                0x0000000023300000                AP_BTPLAY_ENGINE_VA_START = (AP_BTPLAY_ENGINE_PAGE << PAGE_ATTR_BIT_OFFSET)
                0x0000000023400000                AP_BTCALL_ENGINE_VA_START = (AP_BTCALL_ENGINE_PAGE << PAGE_ATTR_BIT_OFFSET)
                0x0000000023500000                AP_USOUND_ENGINE_VA_START = (AP_USOUND_ENGINE_PAGE << PAGE_ATTR_BIT_OFFSET)
                0x0000000023600000                AP_RESERVD_ENGINE_VA_START = (AP_RESERVD_ENGINE_PAGE << PAGE_ATTR_BIT_OFFSET)
                0x0000000030000000                MMM_MUSCIPLAY_VA_START = (MMM_MUSCIPLAY_PAGE << PAGE_ATTR_BIT_OFFSET)
                0x0000000030000000                MMM_RECORD_VA_START = (MMM_RECORD_PAGE << PAGE_ATTR_BIT_OFFSET)
                0x0000000030000000                MMM_HFP_VA_START = (MMM_HFP_PAGE << PAGE_ATTR_BIT_OFFSET)
                0x0000000014000000                AL_AUDIO_CHANNEL_ENTRY_VA_START = (AL_AUDIO_CHANNEL_PAGE << PAGE_ATTR_BIT_OFFSET)
                0x0000000014000010                RECORD_MODULE_ENTRY_VA_START = ((AL_AUDIO_CHANNEL_PAGE << PAGE_ATTR_BIT_OFFSET) + 0x10)
                0x0000000014000020                AL_AUDIO_CHANNEL_VA_START = ((AL_AUDIO_CHANNEL_PAGE << PAGE_ATTR_BIT_OFFSET) + 0x20)
                0x0000000014001a20                RECORD_MODULE_VA_START = (AL_AUDIO_CHANNEL_VA_START + 0x1a00)
                0x0000000000000b80                AP_BACK_HIGH_STK_SIZE = 0xb80
                0x000000009fc31800                AP_BACK_HIGH_STK_POS = (0x9fc30c80 + AP_BACK_HIGH_STK_SIZE)
                0x0000000000000c00                AP_BACK_HIGH_REC_FS_STK_SIZE = 0xc00
                0x000000009fc31000                AP_BACK_HIGH_REC_FS_STK_POS = (0x9fc30400 + AP_BACK_HIGH_REC_FS_STK_SIZE)
                0x0000000000000580                AP_BACK_HIGH_PCM_PLAY_STK_SIZE = 0x580
                0x000000009fc31800                AP_BACK_HIGH_PCM_PLAY_STK_POS = (0x9fc31280 + AP_BACK_HIGH_PCM_PLAY_STK_SIZE)
                0x0000000000000580                AP_BACK_HIGH_BT_PLAY_STK_SIZE = 0x580
                0x000000009fc31800                AP_BACK_HIGH_BT_PLAY_STK_POS = (0x9fc31280 + AP_BACK_HIGH_BT_PLAY_STK_SIZE)
                0x0000000000000600                AP_BACK_HIGH_BT_CALL_STK_SIZE = 0x600
                0x000000009fc31800                AP_BACK_HIGH_BT_CALL_STK_POS = (0x9fc31200 + AP_BACK_HIGH_BT_CALL_STK_SIZE)
                0x0000000000022200                SRAM_HAL_DRV_RCODE_ADDR = 0x22200
                0x0000000000000200                SRAM_HAL_DRV_RCODE_SIZE = 0x200
                0x0000000000022400                SRAM_HAL_DATA_ADDR = (SRAM_HAL_DRV_RCODE_ADDR + SRAM_HAL_DRV_RCODE_SIZE)
                0x0000000000000140                SRAM_HAL_DATA_SIZE = 0x140
                0x0000000000022540                SRAM_KEY_DRV_DATA_ADDR = (SRAM_HAL_DATA_ADDR + SRAM_HAL_DATA_SIZE)
                0x0000000000000180                SRAM_KEY_DRV_DATA_SIZE = 0x180
                0x00000000000226c0                SRAM_AP_LIB_DATA_ADDR = (SRAM_KEY_DRV_DATA_ADDR + SRAM_KEY_DRV_DATA_SIZE)
                0x0000000000000300                SRAM_AP_LIB_DATA_SIZE = 0x300
                0x0000000000027000                SRAM_AP_LIB_SRAM_TEXT_1_ADDR = 0x27000
                0x0000000000000400                SRAM_AP_LIB_SRAM_TEXT_1_SIZE = 0x400
                0x0000000000027400                SRAM_HAL_DRV_SRAM_TEXT_1_ADDR = (SRAM_AP_LIB_SRAM_TEXT_1_ADDR + SRAM_AP_LIB_SRAM_TEXT_1_SIZE)
                0x0000000000000400                SRAM_HAL_DRV_SRAM_TEXT_1_SIZE = 0x400
                0x0000000000037a00                SRAM_LCD_DRV_DATA_ADDR = 0x37a00
                0x0000000000000b00                SRAM_LCD_DRV_DATA_SIZE = 0xb00
                0x0000000000032a00                SRAM_BLE_SPP_RECV_CACHE1_ADDR = 0x32a00
                0x0000000000000280                SRAM_BLE_SPP_RECV_CACHE1_SIZE = 0x280
                0x0000000000032c80                SRAM_BLE_SPP_RECV_CACHE2_ADDR = (SRAM_BLE_SPP_RECV_CACHE1_ADDR + SRAM_BLE_SPP_RECV_CACHE1_SIZE)
                0x0000000000000280                SRAM_BLE_SPP_RECV_CACHE2_SIZE = 0x280
                0x000000009fc229c0                SRAM_STACK_ADDR = 0x9fc229c0
                0x00000000000229c0                SRAM_AP_MANAGER_DATA_ADDR = (SRAM_AP_LIB_DATA_ADDR + SRAM_AP_LIB_DATA_SIZE)
                0x0000000000000340                SRAM_AP_MANAGER_DATA_SIZE = 0x340
                0x000000009fc22d00                AP_PROCESS_MANAGER_STK_POS = (SRAM_STACK_ADDR + SRAM_AP_MANAGER_DATA_SIZE)
                0x0000000000022d00                SRAM_AP_FRONT_CTL_DATA_ADDR = (SRAM_AP_MANAGER_DATA_ADDR + SRAM_AP_MANAGER_DATA_SIZE)
                0x0000000000000780                SRAM_AP_FRONT_CTL_DATA_SIZE = 0x780
                0x000000009fc23480                AP_FRONT_LOW_STK_POS = (AP_PROCESS_MANAGER_STK_POS + SRAM_AP_FRONT_CTL_DATA_SIZE)
                0x0000000000001000                AP_FRONT_LOW_REC_STK_SIZE = 0x1000
                0x000000009fc23d00                AP_FRONT_LOW_REC_STK_POS = (AP_PROCESS_MANAGER_STK_POS + AP_FRONT_LOW_REC_STK_SIZE)
                0x0000000000023480                SRAM_BACK_ENGINE_DATA_ADDR = (SRAM_AP_FRONT_CTL_DATA_ADDR + SRAM_AP_FRONT_CTL_DATA_SIZE)
                0x0000000000000900                SRAM_BACK_ENGINE_DATA_SIZE = 0x900
                0x000000009fc23d80                AP_BACK_LOW_STK_POS = (AP_FRONT_LOW_STK_POS + SRAM_BACK_ENGINE_DATA_SIZE)
                0x0000000000024a00                SRAM_PEQ_LRCH_BUFFER_ADDR = 0x24a00
                0x0000000000000800                SRAM_PEQ_LRCH_BUFFER_SIZE = 0x800
                0x0000000000025200                SRAM_PEQ_MIC_CH_BUFFER_ADDR = 0x25200
                0x0000000000000400                SRAM_PEQ_MIC_CH_BUFFER_SIZE = 0x400
                0x0000000000024a00                SRAM_PEQ_LRCH_BUFFER_SPEECH_ADDR = 0x24a00
                0x0000000000000300                SRAM_PEQ_LRCH_BUFFER_SPEECH_SIZE = 0x300
                0x000000000002f300                SRAM_RECORD_PLAYER_MMM_DATA_ADDR = 0x2f300
                0x0000000000002500                SRAM_RECORD_PLAYER_MMM_DATA_SIZE = 0x2500
                0x0000000000025900                SRAM_RECORD_MMM_ENCODE_OUT_ADDR = 0x25900
                0x0000000000002000                SRAM_RECORD_MMM_ENCODE_OUT_SIZE = 0x2000
                0x0000000000027900                SRAM_RECORD_MMM_WRITE_FILE_STACK_BOTTOM = (SRAM_RECORD_MMM_ENCODE_OUT_ADDR + SRAM_RECORD_MMM_ENCODE_OUT_SIZE)
                0x0000000000000600                SRAM_RECORD_MMM_WRITE_FILE_STACK_SIZE = 0x600
                0x0000000000027f00                SRAM_RECORD_MMM_WRITE_FILE_STACK_POS = (SRAM_RECORD_MMM_WRITE_FILE_STACK_BOTTOM + SRAM_RECORD_MMM_WRITE_FILE_STACK_SIZE)
                0x0000000000025700                SRAM_ADC_CHAN_DATA_ADDR = 0x25700
                0x00000000000000c0                SRAM_ADC_CHAN_DATA_SIZE = 0xc0
                0x00000000000257c0                SRAM_RECORD_MODULE_DATA_ADDR = (SRAM_ADC_CHAN_DATA_ADDR + SRAM_ADC_CHAN_DATA_SIZE)
                0x0000000000000140                SRAM_RECORD_MODULE_DATA_SIZE = (0x200 - SRAM_ADC_CHAN_DATA_SIZE)
                0x0000000000030800                SRAM_MUSIC_PLAYER_MMM_DATA_ADDR = 0x30800
                0x0000000000001000                SRAM_MUSIC_PLAYER_MMM_DATA_SIZE = 0x1000
                0x0000000000037e00                SRAM_MUSIC_PLAYER_RESAMPLE_TEMP_BUFF_ADDR = 0x37e00
                0x0000000000000e00                SRAM_MUSIC_PLAYER_RESAMPLE_TEMP_BUFF_SIZE = 0xe00
                0x000000000002fa00                SRAM_MUSIC_PLAYER_RESAMPLE_BUF2_ADDR = 0x2fa00
                0x0000000000000e00                SRAM_MUSIC_PLAYER_RESAMPLE_BUF2_SIZE = 0xe00
                0x0000000000027800                SRAM_MUSIC_PLAYER_FORMAT_CHECK_TEMP_BUF_ADDR = 0x27800
                0x0000000000000800                SRAM_MUSIC_PLAYER_FORMAT_CHECK_TEMP_BUF_SIZE = 0x800
                0x000000000003f000                SRAM_MUSIC_PLAYER_OK_MIC_DECODE_OUTPUT_CACHE_ADDR = 0x3f000
                0x0000000000002000                SRAM_MUSIC_PLAYER_OK_MIC_DECODE_OUTPUT_CACHE_SIZE = 0x2000
                0x0000000000041000                SRAM_MUSIC_PLAYER_OK_MIC_ADC_CHAN_BUFFER_ADDR = (SRAM_MUSIC_PLAYER_OK_MIC_DECODE_OUTPUT_CACHE_ADDR + SRAM_MUSIC_PLAYER_OK_MIC_DECODE_OUTPUT_CACHE_SIZE)
                0x0000000000000400                SRAM_MUSIC_PLAYER_OK_MIC_ADC_CHAN_BUFFER_SIZE = 0x400
                0x0000000000041400                SRAM_MUSIC_PLAYER_OK_MIC_ADC_CHAN_CACHE_ADDR = (SRAM_MUSIC_PLAYER_OK_MIC_ADC_CHAN_BUFFER_ADDR + SRAM_MUSIC_PLAYER_OK_MIC_ADC_CHAN_BUFFER_SIZE)
                0x0000000000000400                SRAM_MUSIC_PLAYER_OK_MIC_ADC_CHAN_CACHE_SIZE = 0x400
                0x0000000000041800                SRAM_MUSIC_PLAYER_OK_MIC_TEMP_BUF_ADDR = (SRAM_MUSIC_PLAYER_OK_MIC_ADC_CHAN_CACHE_ADDR + SRAM_MUSIC_PLAYER_OK_MIC_ADC_CHAN_CACHE_SIZE)
                0x0000000000000100                SRAM_MUSIC_PLAYER_OK_MIC_TEMP_BUF_SIZE = 0x100
                0x0000000000041900                SRAM_MUSIC_PLAYER_OK_MIC_DECODE_BUF_ADDR = (SRAM_MUSIC_PLAYER_OK_MIC_TEMP_BUF_ADDR + SRAM_MUSIC_PLAYER_OK_MIC_TEMP_BUF_SIZE)
                0x0000000000000200                SRAM_MUSIC_PLAYER_OK_MIC_DECODE_BUF_SIZE = 0x200
                0x0000000000041b00                SRAM_MUSIC_PLAYER_OK_MIC_THREAD_STACK_BOTTOM = (SRAM_MUSIC_PLAYER_OK_MIC_DECODE_BUF_ADDR + SRAM_MUSIC_PLAYER_OK_MIC_DECODE_BUF_SIZE)
                0x0000000000000600                SRAM_MUSIC_PLAYER_OK_MIC_THREAD_STACK_SIZE = 0x600
                0x0000000000042100                SRAM_MUSIC_PLAYER_OK_MIC_THREAD_STACK_POS = (SRAM_MUSIC_PLAYER_OK_MIC_THREAD_STACK_BOTTOM + SRAM_MUSIC_PLAYER_OK_MIC_THREAD_STACK_SIZE)
                0x0000000000030e00                SRAM_PCM_PLAYER_MMM_DATA_ADDR = 0x30e00
                0x0000000000000a00                SRAM_PCM_PLAYER_MMM_DATA_SIZE = 0xa00
                0x0000000000025900                SRAM_PCM_PLAYER_MMM_ENCODE_IN_BUF_ADDR = 0x25900
                0x0000000000000200                SRAM_PCM_PLAYER_MMM_ENCODE_IN_BUF_SIZE = 0x200
                0x0000000000025b00                SRAM_PCM_PLAYER_MMM_ENCODE_AOUT_BUF_ADDR = (SRAM_PCM_PLAYER_MMM_ENCODE_IN_BUF_ADDR + SRAM_PCM_PLAYER_MMM_ENCODE_IN_BUF_SIZE)
                0x0000000000000200                SRAM_PCM_PLAYER_MMM_ENCODE_AOUT_BUF_SIZE = 0x200
                0x0000000000025d00                SRAM_PCM_PLAYER_MMM_ENCODE_SOURCE_BUF_ADDR = (SRAM_PCM_PLAYER_MMM_ENCODE_AOUT_BUF_ADDR + SRAM_PCM_PLAYER_MMM_ENCODE_AOUT_BUF_SIZE)
                0x0000000000000800                SRAM_PCM_PLAYER_MMM_ENCODE_SOURCE_BUF_SIZE = 0x800
                0x0000000000026500                SRAM_PCM_PLAYER_MMM_WRITE_FILE_STACK_BOTTOM = (SRAM_PCM_PLAYER_MMM_ENCODE_SOURCE_BUF_ADDR + SRAM_PCM_PLAYER_MMM_ENCODE_SOURCE_BUF_SIZE)
                0x0000000000000600                SRAM_PCM_PLAYER_MMM_WRITE_FILE_STACK_SIZE = 0x600
                0x0000000000026b00                SRAM_PCM_PLAYER_MMM_WRITE_FILE_STACK_POS = (SRAM_PCM_PLAYER_MMM_WRITE_FILE_STACK_BOTTOM + SRAM_PCM_PLAYER_MMM_WRITE_FILE_STACK_SIZE)
                0x0000000000026b00                SRAM_PCM_PLAYER_MMM_ENCODE_OUT_BUF_ADDR = SRAM_PCM_PLAYER_MMM_WRITE_FILE_STACK_POS
                0x0000000000002000                SRAM_PCM_PLAYER_MMM_ENCODE_OUT_BUF_SIZE = 0x2000
                0x0000000000030a00                SRAM_BT_PLAYER_MMM_RCODE_ADDR = 0x30a00
                0x0000000000000200                SRAM_BT_PLAYER_MMM_RCODE_SIZE = 0x200
                0x0000000000030c00                SRAM_BT_PLAYER_MMM_DATA_ADDR = (SRAM_BT_PLAYER_MMM_RCODE_ADDR + SRAM_BT_PLAYER_MMM_RCODE_SIZE)
                0x0000000000000c00                SRAM_BT_PLAYER_MMM_DATA_SIZE = 0xc00
                0x0000000000030400                SRAM_BT_PLAYER_MMM_WRITE_FILE_STACK_BOTTOM = 0x30400
                0x0000000000000600                SRAM_BT_PLAYER_MMM_WRITE_FILE_STACK_SIZE = 0x600
                0x0000000000030a00                SRAM_BT_PLAYER_MMM_WRITE_FILE_STACK_POS = (SRAM_BT_PLAYER_MMM_WRITE_FILE_STACK_BOTTOM + SRAM_BT_PLAYER_MMM_WRITE_FILE_STACK_SIZE)
                0x000000000002e400                SRAM_BT_PLAYER_MMM_ENCODE_OUT_ADDR = 0x2e400
                0x0000000000002000                SRAM_BT_PLAYER_MMM_ENCODE_OUT_SIZE = 0x2000
                0x0000000000027000                SRAM_BT_PLAYER_MMM_ENCODE_SOURCE_ADDR = 0x27000
                0x0000000000000600                SRAM_BT_PLAYER_MMM_ENCODE_SOURCE_SIZE = 0x600
                0x0000000000026a00                SRAM_BT_PLAYER_ADC_CHAN_BUFFER_ADDR = 0x26a00
                0x0000000000000200                SRAM_BT_PLAYER_ADC_CHAN_BUFFER_SIZE = 0x200
                0x0000000000026c00                SRAM_BT_PLAYER_ADC_CHAN_CACHE_ADDR = (SRAM_BT_PLAYER_ADC_CHAN_BUFFER_ADDR + SRAM_BT_PLAYER_ADC_CHAN_BUFFER_SIZE)
                0x0000000000000400                SRAM_BT_PLAYER_ADC_CHAN_CACHE_SIZE = 0x400
                0x0000000000033f00                SRAM_BT_PLAYER_ECHO_BUF0_ADDR = 0x33f00
                0x0000000000001000                SRAM_BT_PLAYER_ECHO_BUF0_SIZE = 0x1000
                0x0000000000034f00                SRAM_BT_PLAYER_ECHO_BUF1_ADDR = 0x34f00
                0x0000000000001000                SRAM_BT_PLAYER_ECHO_BUF1_SIZE = 0x1000
                0x000000000002b400                SRAM_BT_PLAYER_ECHO_BUF2_ADDR = 0x2b400
                0x0000000000001000                SRAM_BT_PLAYER_ECHO_BUF2_SIZE = 0x1000
                0x000000000002c400                SRAM_BT_PLAYER_ECHO_BUF3_ADDR = 0x2c400
                0x0000000000001000                SRAM_BT_PLAYER_ECHO_BUF3_SIZE = 0x1000
                0x000000000002d400                SRAM_BT_PLAYER_ECHO_BUF4_ADDR = 0x2d400
                0x0000000000001000                SRAM_BT_PLAYER_ECHO_BUF4_SIZE = 0x1000
                0x0000000000027800                SRAM_BT_PLAYER_FREQ_SHIFT_BUF_ADDR = 0x27800
                0x0000000000000600                SRAM_BT_PLAYER_FREQ_SHIFT_BUF_SIZE = 0x600
                0x000000000002b400                SRAM_PCM_PLAYER_ECHO_BUF0_ADDR = 0x2b400
                0x0000000000001000                SRAM_PCM_PLAYER_ECHO_BUF0_SIZE = 0x1000
                0x000000000002c400                SRAM_PCM_PLAYER_ECHO_BUF1_ADDR = 0x2c400
                0x0000000000001000                SRAM_PCM_PLAYER_ECHO_BUF1_SIZE = 0x1000
                0x000000000002d400                SRAM_PCM_PLAYER_ECHO_BUF2_ADDR = 0x2d400
                0x0000000000001000                SRAM_PCM_PLAYER_ECHO_BUF2_SIZE = 0x1000
                0x000000000002e400                SRAM_PCM_PLAYER_ECHO_BUF3_ADDR = 0x2e400
                0x0000000000001000                SRAM_PCM_PLAYER_ECHO_BUF3_SIZE = 0x1000
                0x000000000002f400                SRAM_PCM_PLAYER_ECHO_BUF4_ADDR = 0x2f400
                0x0000000000000a00                SRAM_PCM_PLAYER_ECHO_BUF4_SIZE = 0xa00
                0x000000000002fe00                SRAM_PCM_PLAYER_FREQ_SHIFT_BUF_ADDR = 0x2fe00
                0x0000000000000600                SRAM_PCM_PLAYER_FREQ_SHIFT_BUF_SIZE = 0x600
                0x0000000000039a00                SRAM_MUSIC_PLAYER_ECHO_BUF0_ADDR = 0x39a00
                0x0000000000001000                SRAM_MUSIC_PLAYER_ECHO_BUF0_SIZE = 0x1000
                0x000000000003aa00                SRAM_MUSIC_PLAYER_ECHO_BUF1_ADDR = 0x3aa00
                0x0000000000001000                SRAM_MUSIC_PLAYER_ECHO_BUF1_SIZE = 0x1000
                0x000000000003ba00                SRAM_MUSIC_PLAYER_ECHO_BUF2_ADDR = 0x3ba00
                0x0000000000001000                SRAM_MUSIC_PLAYER_ECHO_BUF2_SIZE = 0x1000
                0x000000000003ca00                SRAM_MUSIC_PLAYER_ECHO_BUF3_ADDR = 0x3ca00
                0x0000000000001000                SRAM_MUSIC_PLAYER_ECHO_BUF3_SIZE = 0x1000
                0x000000000003da00                SRAM_MUSIC_PLAYER_ECHO_BUF4_ADDR = 0x3da00
                0x0000000000001000                SRAM_MUSIC_PLAYER_ECHO_BUF4_SIZE = 0x1000
                0x000000000003ea00                SRAM_MUSIC_PLAYER_FREQ_SHIFT_BUF_ADDR = 0x3ea00
                0x0000000000000600                SRAM_MUSIC_PLAYER_FREQ_SHIFT_BUF_SIZE = 0x600
                0x000000000002a800                SRAM_SPEECH_PLAYER_ECHO_BUF0_ADDR = 0x2a800
                0x0000000000001000                SRAM_SPEECH_PLAYER_ECHO_BUF0_SIZE = 0x1000
                0x000000000002b800                SRAM_SPEECH_PLAYER_ECHO_BUF1_ADDR = 0x2b800
                0x0000000000000c00                SRAM_SPEECH_PLAYER_ECHO_BUF1_SIZE = 0xc00
                0x000000000002c400                SRAM_SPEECH_PLAYER_FREQ_SHIFT_BUF_ADDR = 0x2c400
                0x0000000000000600                SRAM_SPEECH_PLAYER_FREQ_SHIFT_BUF_SIZE = 0x600
                0x000000000002ca00                SRAM_SPEECH_PLAYER_MIC_TEMP_BUF_ADDR = 0x2ca00
                0x0000000000000100                SRAM_SPEECH_PLAYER_MIC_TEMP_BUF_SIZE = 0x100
                0x0000000000030600                SRAM_SPEECH_PLAYER_MMM_DATA_ADDR = 0x30600
                0x0000000000001200                SRAM_SPEECH_PLAYER_MMM_DATA_SIZE = 0x1200
                0x0000000000024d00                SRAM_SPEECH_PLAYER_MMM_BSS2_ADDR = 0x24d00
                0x0000000000000900                SRAM_SPEECH_PLAYER_MMM_BSS2_SIZE = 0x900
                0x0000000000037e00                SRAM_SPEECH_RESAMPLE_BUFF_ADDR = 0x37e00
                0x0000000000000e00                SRAM_SPEECH_RESAMPLE_BUFF_SIZE = 0xe00
                0x0000000000033f00                SRAM_SPEECH_PLAYER_MMM_ENCODE_OUT_ADDR = 0x33f00
                0x0000000000001000                SRAM_SPEECH_PLAYER_MMM_ENCODE_OUT_SIZE = 0x1000
                0x0000000000034f00                SRAM_SPEECH_PLAYER_MMM_ENCODE_SOURCE_ADDR = (SRAM_SPEECH_PLAYER_MMM_ENCODE_OUT_ADDR + SRAM_SPEECH_PLAYER_MMM_ENCODE_OUT_SIZE)
                0x0000000000000600                SRAM_SPEECH_PLAYER_MMM_ENCODE_SOURCE_SIZE = 0x600
                0x0000000000035500                SRAM_SPEECH_PLAYER_MMM_WRITE_FILE_STACK_BOTTOM = (SRAM_SPEECH_PLAYER_MMM_ENCODE_SOURCE_ADDR + SRAM_SPEECH_PLAYER_MMM_ENCODE_SOURCE_SIZE)
                0x0000000000000600                SRAM_SPEECH_PLAYER_MMM_WRITE_FILE_STACK_SIZE = 0x600
                0x0000000000035b00                SRAM_SPEECH_PLAYER_MMM_WRITE_FILE_STACK_POS = (SRAM_SPEECH_PLAYER_MMM_WRITE_FILE_STACK_BOTTOM + SRAM_SPEECH_PLAYER_MMM_WRITE_FILE_STACK_SIZE)
                0x0000000000028b00                SRAM_ADC_CHAN_BUFFER_ADDR = 0x28b00
                0x0000000000000400                SRAM_ADC_CHAN_BUFFER_SIZE = 0x400
                0x0000000000028f00                SRAM_ADC_CHAN_CACHE_ADDR = (SRAM_ADC_CHAN_BUFFER_ADDR + SRAM_ADC_CHAN_BUFFER_SIZE)
                0x0000000000001a00                SRAM_ADC_CHAN_CACHE_SIZE = 0x1a00
                0x0000000000039a00                SRAM_ADC_CHAN_ARC_CACHE_ADDR = 0x39a00
                0x000000000000c600                SRAM_ADC_CHAN_ARC_CACHE_SIZE = 0xc600
                0x000000000002a900                SRAM_USOUND_MIC_CACHE_ADDR = 0x2a900
                0x0000000000000800                SRAM_USOUND_MIC_CACHE_SIZE = 0x800
                0x0000000000031800                SRAM_ADC_CHAN_RESAMPLE_TEMP_BUFF_ADDR = 0x31800
                0x0000000000000d0c                SRAM_ADC_CHAN_RESAMPLE_TEMP_BUFF_SIZE = 0xd0c
                0x000000000003250c                SRAM_ADC_CHAN_RESAMPLE_TABLE_BUFF_ADDR = (SRAM_ADC_CHAN_RESAMPLE_TEMP_BUFF_ADDR + SRAM_ADC_CHAN_RESAMPLE_TEMP_BUFF_SIZE)
                0x00000000000004e0                SRAM_ADC_CHAN_RESAMPLE_TABLE_BUFF_SIZE = 0x4e0
                0x000000000002a900                SRAM_ADC_CHAN_RESAMPLE_LEFT_CH_BUFF_ADDR = 0x2a900
                0x0000000000000800                SRAM_ADC_CHAN_RESAMPLE_LEFT_CH_BUFF_SIZE = 0x800
                0x000000000002b100                SRAM_ADC_CHAN_RESAMPLE_LR_SPLIT_BUFF_ADDR = 0x2b100
                0x0000000000000100                SRAM_ADC_CHAN_RESAMPLE_LR_SPLIT_BUFF_SIZE = 0x100
                0x0000000000030400                SRAM_ADC_CHAN_RESAMPLE_RIGHT_CH_BUFF_ADDR = 0x30400
                0x0000000000000800                SRAM_ADC_CHAN_RESAMPLE_RIGHT_CH_BUFF_SIZE = 0x800
                0x0000000000030c00                SRAM_ADC_CHAN_RESAMPLE_INPUT_BUFF_ADDR = 0x30c00
                0x0000000000000100                SRAM_ADC_CHAN_RESAMPLE_INPUT_BUFF_SIZE = 0x100
                0x0000000000030d00                SRAM_ADC_CHAN_RESAMPLE_OUTPUT_BUFF_ADDR = (SRAM_ADC_CHAN_RESAMPLE_INPUT_BUFF_ADDR + SRAM_ADC_CHAN_RESAMPLE_INPUT_BUFF_SIZE)
                0x0000000000000100                SRAM_ADC_CHAN_RESAMPLE_OUTPUT_BUFF_SIZE = 0x100
                0x0000000000042800                BT_CON_ADDR = 0x42800
                0x0000000000000800                AP_BTCONTROLLER_HIGH_STK_SIZE = 0x800
                0x000000009fc43000                AP_BTCONTROLLER_HIGH_STK_POS = ((RDATA_ADDR_BASE + BT_CON_ADDR) + AP_BTCONTROLLER_HIGH_STK_SIZE)
                0x0000000000000a00                AP_BTCONTROLLER_LOW_STK_SIZE = 0xa00
                0x000000009fc43a00                AP_BTCONTROLLER_LOW_STK_POS = (AP_BTCONTROLLER_HIGH_STK_POS + AP_BTCONTROLLER_LOW_STK_SIZE)
                0x0000000000000400                AP_FRONT_HIGH_STK_SIZE = 0x400
                0x000000009fc43a00                AP_FRONT_HIGH_STK_POS_USE_BTCON_LOW = AP_BTCONTROLLER_LOW_STK_POS
                0x0000000000043a00                SRAM_BT_ENGINE_RCODE_ADDR = ((BT_CON_ADDR + AP_BTCONTROLLER_HIGH_STK_SIZE) + AP_BTCONTROLLER_LOW_STK_SIZE)
                0x0000000000000300                SRAM_BT_ENGINE_RCODE_SIZE = 0x300
                0x0000000000043d00                SRAM_BT_ENGINE_DATA_ADDR = (SRAM_BT_ENGINE_RCODE_ADDR + SRAM_BT_ENGINE_RCODE_SIZE)
                0x0000000000001000                SRAM_BT_ENGINE_DATA_SIZE = 0x1000
                0x0000000000000700                SRAM_BT_ENGINE_STACK_SIZE = 0x700
                0x0000000000000200                SRAM_BT_ENGINE_RCODE_2ND_SIZE = 0x200
                0x0000000000043c00                SRAM_BT_ENGINE_DATA_2ND_ADDR = (SRAM_BT_ENGINE_RCODE_ADDR + SRAM_BT_ENGINE_RCODE_2ND_SIZE)
                0x0000000000001300                SRAM_BT_ENGINE_DATA_2ND_SIZE = 0x1300
                0x000000009fc44d00                AP_BTENGINE_STK_POS = (((RDATA_ADDR_BASE + SRAM_BT_ENGINE_RCODE_ADDR) + SRAM_BT_ENGINE_RCODE_SIZE) + SRAM_BT_ENGINE_DATA_SIZE)
                0x000000009fc44f00                AP_BTENGINE_STK_POS_2ND = (((RDATA_ADDR_BASE + SRAM_BT_ENGINE_RCODE_ADDR) + SRAM_BT_ENGINE_RCODE_2ND_SIZE) + SRAM_BT_ENGINE_DATA_2ND_SIZE)
                0x0000000000039a00                SRAM_BT_ENGINE_HEAP_ADDR = 0x39a00
                0x0000000000006600                SRAM_BT_ENGINE_HEAP_SIZE = 0x6600
                0x0000000000039a00                SRAM_RANDOM_LAP_BUFFER_ADDR = 0x39a00
                0x0000000000003000                SRAM_RANDOM_LAP_BUFFER_SIZE = 0x3000
                0x0000000000038f00                SRAM_PRINT_DMA_CACHE_ADDR = 0x38f00
                0x0000000000000300                SRAM_PRINT_DMA_CACHE_SIZE = 0x300
                0x000000000003e000                SRAM_ASQT_DUMP_BUFFER_ADDR = 0x3e000
                0x0000000000001400                SRAM_ASQT_DUMP_BUFFER_SIZE = 0x1400
                0x000000000003f400                SRAM_ASQT_SCO_IN_CACHE_ADDR = (SRAM_ASQT_DUMP_BUFFER_ADDR + SRAM_ASQT_DUMP_BUFFER_SIZE)
                0x0000000000000800                SRAM_ASQT_SCO_IN_CACHE_SIZE = 0x800
                0x000000000003fc00                SRAM_STUB_RW_DATA_ADDR = (SRAM_ASQT_SCO_IN_CACHE_ADDR + SRAM_ASQT_SCO_IN_CACHE_SIZE)
                0x0000000000000400                SRAM_STUB_RW_DATA_SIZE = 0x400
                0x0000000000026600                SRAM_A2DP_SBC_DIRECT_INPUT_BUFFER_ADDR = 0x26600
                0x0000000000000400                SRAM_A2DP_SBC_DIRECT_INPUT_BUFFER_LEN = 0x400
                0x0000000000026a00                SRAM_A2DP_SBC_INPUT_BUFFER_ADDRESS_ADDR = 0x26a00
                0x0000000000004a00                SRAM_A2DP_SBC_INPUT_BUFFER_ADDRESS_LEN = 0x4a00
                0x000000000002b400                SRAM_A2DP_M2S_AVDTP_PACKET_ADDR = 0x2b400
                0x0000000000000400                SRAM_A2DP_M2S_AVDTP_PACKET_LEN = 0x400
                0x000000000002b800                SRAM_A2DP_M2S_AVDTP_CACHE_ADDR = (SRAM_A2DP_M2S_AVDTP_PACKET_ADDR + SRAM_A2DP_M2S_AVDTP_PACKET_LEN)
                0x0000000000003800                SRAM_A2DP_M2S_AVDTP_CACHE_LEN = 0x3800
                0x0000000000027e00                SRAM_LINEIN_SBC_INPUT_BUFFER_ADDRESS_ADDR = 0x27e00
                0x0000000000003600                SRAM_LINEIN_SBC_INPUT_BUFFER_ADDRESS_LEN = 0x3600
                0x0000000000030300                SRAM_HFP_SCO_ERR_REPORT_BUF_ADDR = 0x30300
                0x0000000000000040                SRAM_HFP_SCO_ERR_REPORT_BUF_LEN = 0x40
                0x0000000000030340                SRAM_HFP_SCO_OUTPUT_CACHE_ADDR = (SRAM_HFP_SCO_ERR_REPORT_BUF_ADDR + SRAM_HFP_SCO_ERR_REPORT_BUF_LEN)
                0x0000000000000180                SRAM_HFP_SCO_OUTPUT_CACHE_LEN = 0x180
                0x00000000000304c0                SRAM_HFP_SCO_RECEIVE_CACHE_ADDR = (SRAM_HFP_SCO_OUTPUT_CACHE_ADDR + SRAM_HFP_SCO_OUTPUT_CACHE_LEN)
                0x0000000000000140                SRAM_HFP_SCO_RECEIVE_CACHE_LEN = 0x140
                0x0000000000028b00                SRAM_USOUND_STREAM_FIFORW_ADDR = 0x28b00
                0x0000000000000400                SRAM_USOUND_STREAM_FIFORW_SIZE = 0x400
                0x0000000000028f00                SRAM_USOUND_STREAM_BUFFER_ADDR = 0x28f00
                0x0000000000001800                SRAM_USOUND_STREAM_BUFFER_SIZE = 0x1800
                0x0000000000032a00                SRAM_KEYTONE_INPUT_BUFFER_ADDR = 0x32a00
                0x0000000000000280                SRAM_KEYTONE_INPUT_BUFFER_SIZE = 0x280
                0x0000000000032c80                SRAM_KEYTONE_OUTPUT_BUFFER_ADDR = (SRAM_KEYTONE_INPUT_BUFFER_ADDR + SRAM_KEYTONE_INPUT_BUFFER_SIZE)
                0x0000000000000280                SRAM_KEYTONE_OUTPUT_BUFFER_SIZE = 0x280
                0x000000000003e000                SRAM_ATT_LOG_FILE_BUFFER_ADDR = 0x3e000
                0x0000000000000200                SRAM_ATT_LOG_FILE_BUFFER_LEN = 0x200
                0x000000000003e200                SRAM_ATT_CFG_FILE_BUFFER_ADDR = (SRAM_ATT_LOG_FILE_BUFFER_ADDR + SRAM_ATT_LOG_FILE_BUFFER_LEN)
                0x0000000000000400                SRAM_ATT_CFG_FILE_BUFFER_LEN = 0x400
                0x000000000003e600                SRAM_ATT_BANK_RESIDENT_CODE_ADDR = (SRAM_ATT_CFG_FILE_BUFFER_ADDR + SRAM_ATT_CFG_FILE_BUFFER_LEN)
                0x0000000000000a00                SRAM_ATT_BANK_RESIDENT_CODE_LEN = 0xa00
                0x000000000003f000                SRAM_ATT_BANK_BASE_FUNC_CODE_ADDR = (SRAM_ATT_BANK_RESIDENT_CODE_ADDR + SRAM_ATT_BANK_RESIDENT_CODE_LEN)
                0x0000000000000a00                SRAM_ATT_BANK_BASE_FUNC_CODE_LEN = 0xa00
                0x000000000003fa00                SRAM_ATT_BANK_TEST_ITEM_CODE_ADDR = (SRAM_ATT_BANK_BASE_FUNC_CODE_ADDR + SRAM_ATT_BANK_BASE_FUNC_CODE_LEN)
                0x0000000000000600                SRAM_ATT_BANK_TEST_ITEM_CODE_LEN = 0x600
                0x0000000000028000                SRAM_ATT_BANK_TEST_ITEM_EXT_CODE_ADDR = 0x28000
                0x0000000000002000                SRAM_ATT_BANK_TEST_ITEM_EXT_CODE_LEN = 0x2000
                0x0000000000028000                SRAM_VRAM_MERGE_TEMP_BUFFER_ADDR = 0x28000
                0x0000000000008000                SRAM_VRAM_MERGE_TEMP_BUFFER_SIZE = 0x8000
                0x0000000000028000                SRAM_MUSIC_FSEL_DISK_SCAN_DATA_STACK_ADDR = 0x28000
                0x0000000000002000                SRAM_MUSIC_FSEL_DISK_SCAN_STACK_SIZE = 0x2000
                0x000000000002a000                SRAM_MUSIC_FSEL_DISK_SCAN_STACK_POS = (SRAM_MUSIC_FSEL_DISK_SCAN_DATA_STACK_ADDR + SRAM_MUSIC_FSEL_DISK_SCAN_STACK_SIZE)
                0x0000000000023800                SRAM_WELCOME_DATA_ADDR = 0x23800
                0x0000000000000100                SRAM_WELCOME_DATA_SIZE = 0x100
                0x0000000022100000                RCODE_TEXT_ADDR = AP_MUSIC_VA_START
                0x000000009fc22d00                RDATA_DATA_ADDR = (RDATA_ADDR_BASE + SRAM_AP_FRONT_CTL_DATA_ADDR)
                0x00000000bfc00000                SRAM_TEXT_ADDR = (RCODE_ADDR_BASE + 0x0)
                0x00000000000001fc                DATA_SIZE_RESERVE_4BYTES = 0x1fc

.sram_text      0x00000000bfc00000        0x0
                0x00000000bfc00000                . = 0x0

.text           0x0000000022100000      0x7e4
 ctor.o(.text .rodata)
 .text          0x0000000022100000       0x68 ./../../../psp_rel/lib/ctor.o
                0x0000000022100001                __start
 */obj/*.o(.text .rodata)
 .text          0x0000000022100068       0xa4 ./obj/alarm_main.o
                0x00000000221000a1                main
                0x0000000022100069                _app_exit
 .text          0x000000002210010c      0x694 ./obj/alarm_message_loop.o
                0x0000000022100151                alarm_ring_stop
                0x00000000221001d1                alarm_send_msg
                0x00000000221002ad                alarm_app_msg_deal
                0x0000000022100269                check_alarm_overtime
                0x00000000221002a1                alarm_clock_display_timer_handle
                0x00000000221002d5                get_message_loop
                0x000000002210018d                alarm_ring_is_over
                0x0000000022100201                check_disk_alarm_ring_valid
                0x000000002210019d                _kill_conflict_engine
                0x000000002210010d                alarm_ring_play
 .rodata        0x00000000221007a0       0x44 ./obj/alarm_message_loop.o
                0x00000000221007a0                rtc_alarm_rint_key_map_list

.data           0x000000009fc22d00        0x1
                0x000000009fc22d00                _rd_data_start = <code 340> (.)
 */obj/*.o(.data)
 .data          0x000000009fc22d00        0x1 ./obj/alarm_main.o
                0x000000009fc22d00                prio

.bss            0x000000009fc22d04      0x1fb
 */obj/*.o(.bss)
 .bss           0x000000009fc22d04       0x18 ./obj/alarm_message_loop.o
                0x000000009fc22d1c                _rd_data_end = <code 340> (.)
                0x00000000000001fb                . = (DATA_SIZE_RESERVE_4BYTES - SIZEOF (.data))
 *fill*         0x000000009fc22d1c      0x1e3 00

.rel.dyn

.bss.stack_ptos
                0x000000009fc23480        0x0
                0x000000009fc23480                _rd_stack_ptos = <code 340> (.)
OUTPUT(alarm.exe elf32-tradlittlemips)

.reginfo        0x0000000000000000       0x18
 .reginfo       0x0000000000000000       0x18 ./obj/alarm_main.o

.pdr            0x0000000000000000      0x1a0
 .pdr           0x0000000000000000       0x40 ./obj/alarm_main.o
 .pdr           0x0000000000000040      0x140 ./obj/alarm_message_loop.o
 .pdr           0x0000000000000180       0x20 ./../../../psp_rel/lib/ctor.o

.mdebug.abi32   0x0000000000000000        0x0

.debug_abbrev   0x0000000000000000      0x27a
 .debug_abbrev  0x0000000000000000       0xdf ./obj/alarm_main.o
 .debug_abbrev  0x00000000000000df      0x19b ./obj/alarm_message_loop.o

.debug_info     0x0000000000000000     0x182d
 .debug_info    0x0000000000000000      0x2e1 ./obj/alarm_main.o
 .debug_info    0x00000000000002e1     0x154c ./obj/alarm_message_loop.o

.debug_line     0x0000000000000000      0x2e5
 .debug_line    0x0000000000000000       0xa5 ./obj/alarm_main.o
 .debug_line    0x00000000000000a5      0x240 ./obj/alarm_message_loop.o

.debug_frame    0x0000000000000000      0x158
 .debug_frame   0x0000000000000000       0x48 ./obj/alarm_main.o
 .debug_frame   0x0000000000000048      0x110 ./obj/alarm_message_loop.o

.debug_pubnames
                0x0000000000000000      0x15a
 .debug_pubnames
                0x0000000000000000       0x32 ./obj/alarm_main.o
 .debug_pubnames
                0x0000000000000032      0x128 ./obj/alarm_message_loop.o

.debug_aranges  0x0000000000000000       0x40
 .debug_aranges
                0x0000000000000000       0x20 ./obj/alarm_main.o
 .debug_aranges
                0x0000000000000020       0x20 ./obj/alarm_message_loop.o

.debug_str      0x0000000000000000     0x2e39
 .debug_str     0x0000000000000000      0x579 ./obj/alarm_main.o
                                        0x5b2 (size before relaxing)
 .debug_str     0x0000000000000579     0x28c0 ./obj/alarm_message_loop.o
                                       0x2e9a (size before relaxing)

.comment        0x0000000000000000       0x81
 .comment       0x0000000000000000       0x2b ./obj/alarm_main.o
 .comment       0x000000000000002b       0x2b ./obj/alarm_message_loop.o
 .comment       0x0000000000000056       0x2b ./../../../psp_rel/lib/ctor.o

.debug_ranges   0x0000000000000000       0x18
 .debug_ranges  0x0000000000000000       0x18 ./obj/alarm_message_loop.o
